// Jest Snapshot v1, https://goo.gl/fbAQLP

exports[`test styled-components for the Button component should test the styled-component file 1`] = `
.c0 {
  background: var(--white);
  border: 1px solid var(--black);
  color: var(--black);
  display: -webkit-box;
  display: -webkit-flex;
  display: -ms-flexbox;
  display: flex;
  -webkit-align-items: center;
  -webkit-box-align: center;
  -ms-flex-align: center;
  align-items: center;
  cursor: pointer;
  font-size: 1rem;
  font-weight: 700;
  margin: 1em;
  padding: .4375rem 2rem;
  border-radius: 0.5rem;
  -webkit-transition: background 0.3s ease-in-out;
  transition: background 0.3s ease-in-out;
}

.c0 svg {
  margin-left: 0.5rem;
  color: var(--black);
  font-size: 1.5rem;
}

.c0:hover {
  background: var(--secondary-color);
}

<button
  className="c0"
/>
`;
