// Jest Snapshot v1, https://goo.gl/fbAQLP

exports[`TextInput / Styles should test the styled-component InpuText 1`] = `
.c0 {
  width: 300px;
  height: 35px;
  outline: none;
  margin-top: 5px;
  padding: 6px;
  -webkit-box-sizing: border-box;
  -moz-box-sizing: border-box;
  box-sizing: border-box;
  background: var(--white);
  border: 1px solid var(--grey);
  border-radius: 8px;
}

.c0:hover,
.c0:active,
.c0:focus {
  border-color: #DDD888;
  box-shadow: 0 0 4px #DDD888;
}

<input
  className="c0"
/>
`;

exports[`TextInput / Styles should test the styled-component InputContainer 1`] = `
.c0 {
  display: -webkit-box;
  display: -webkit-flex;
  display: -ms-flexbox;
  display: flex;
  -webkit-flex-direction: column;
  -ms-flex-direction: column;
  flex-direction: column;
}

<div
  className="c0"
/>
`;

exports[`TextInput / Styles should test the styled-component LabelText 1`] = `
.c0 {
  color: var(--grey);
}

<label
  className="c0"
/>
`;

exports[`TextInput / Styles should test the styled-component SpanError 1`] = `
.c0 {
  display: block;
  height: 20px;
  color: var(--error);
}

<span
  className="c0"
/>
`;
